192.168.1.117 - - [28/Sep/2012:13:18:54 +0200] "GET /temps/choix.gif HTTP/1.1" 200 2836 "http://intranet-if.insa-lyon.fr/temps/4IF39.html" "Mozilla/5.0 (X11; Linux i686) AppleWebKit/535.19 (KHTML, like Gecko) Ubuntu/11.04 Chromium/18.0.1025.151 Chrome/18.0.1025.151 Safari/535.19"
192.168.1.64 - - [10/Sep/2012:21:32:01 +0200] "GET /favicon.ico HTTP/1.1" 200 1700 "-" "Mozilla/5.0 (Windows NT 6.1; WOW64; rv:15.0) Gecko/20100101 Firefox/15.0.1"
192.168.1.107 - - [11/Sep/2012:13:14:16 +0200] "GET /temps/3IF45.html HTTP/1.1" 200 23840 "http://intranet-if.insa-lyon.fr/temps/3IF44.html" "Opera/9.80 (Windows NT 5.1; U; fr) Presto/2.10.289 Version/12.01"
192.168.1.107 - - [11/Sep/2012:13:14:55 +0200] "GET /notesif HTTP/1.1" 301 248 "http://intranet-if.insa-lyon.fr/SiteWebIF/Intranet-etudiant.php" "Opera/9.80 (Windows NT 5.1; U; fr) Presto/2.10.289 Version/12.01"
192.168.1.107 - - [11/Sep/2012:13:14:56 +0200] "GET /notesif/ HTTP/1.1" 302 - "http://intranet-if.insa-lyon.fr/SiteWebIF/Intranet-etudiant.php" "Opera/9.80 (Windows NT 5.1; U; fr) Presto/2.10.289 Version/12.01"
192.168.1.23 - - [11/Sep/2012:13:14:57 +0200] "GET /SiteWebIF/Intranet-etudiant.php HTTP/1.1" 302 477 "http://if.insa-lyon.fr/" "Mozilla/5.0 (X11; Ubuntu; Linux x86_64; rv:15.0) Gecko/20100101 Firefox/15.0.1"
192.168.1.219 - - [28/Sep/2012:07:46:36 +0200] "GET /apple-touch-icon-114x114-precomposed.png HTTP/1.1" 404 238 "-" "MobileSafari/7534.48.3 CFNetwork/548.0.4 Darwin/11.0.0"
192.168.1.219 - - [28/Sep/2012:07:46:36 +0200] "GET /apple-touch-icon-114x114.png HTTP/1.1" 404 226 "-" "MobileSafari/7534.48.3 CFNetwork/548.0.4 Darwin/11.0.0"
192.168.1.219 - - [28/Sep/2012:07:46:36 +0200] "GET /apple-touch-icon-precomposed.png HTTP/1.1" 404 230 "-" "MobileSafari/7534.48.3 CFNetwork/548.0.4 Darwin/11.0.0"
192.168.1.219 - - [28/Sep/2012:07:46:36 +0200] "GET /apple-touch-icon.png HTTP/1.1" 404 218 "-" "MobileSafari/7534.48.3 CFNetwork/548.0.4 Darwin/11.0.0"
192.168.4.229 - - [28/Sep/2012:12:19:01 +0200] "GET /temps/5IF1.html HTTP/1.1" 200 5281 "http://intranet-if.insa-lyon.fr/temps/5IF52.html" "Mozilla/4.0 (compatible; MSIE 7.0; Windows NT 6.0; Trident/5.0; SLCC1; .NET CLR 2.0.50727; Media Center PC 5.0; .NET CLR 3.5.30729; .NET CLR 3.0.30729; OfficeLiveConnector.1.5; OfficeLivePatch.1.3; .NET4.0C; ShopperReports 3.0.497.0; SRS_IT_E8790570B1765C5436AA97; InfoPath.3; .NET4.0E; 4399Box.1357; 4399Box.1326; 4399Box.1357)"
192.168.7.212 - - [21/Sep/2012:01:04:37 +0200] "GET /temps/loupe.gif HTTP/1.1" 200 326 "http://intranet-if.insa-lyon.fr/temps/SoutenancesPFE.html" "Mozilla/5.0 (X11; Linux x86_64) AppleWebKit/535.19 (KHTML, like Gecko) Ubuntu/11.10 Chromium/18.0.1025.142 Chrome/18.0.1025.142 Safari/535.19"
192.168.7.212 - - [21/Sep/2012:01:04:37 +0200] "GET /temps/SoutenancesPFE.html HTTP/1.1" 200 100253 "http://intranet-if.insa-lyon.fr/SiteWebIF/Intranet-etudiant.php" "Mozilla/5.0 (X11; Linux x86_64) AppleWebKit/535.19 (KHTML, like Gecko) Ubuntu/11.10 Chromium/18.0.1025.142 Chrome/18.0.1025.142 Safari/535.19"
192.168.7.212 - - [21/Sep/2012:01:04:37 +0200] "GET /temps/FondInsa.jpg HTTP/1.1" 200 2828 "http://intranet-if.insa-lyon.fr/temps/SoutenancesPFE.html" "Mozilla/5.0 (X11; Linux x86_64) AppleWebKit/535.19 (KHTML, like Gecko) Ubuntu/11.10 Chromium/18.0.1025.142 Chrome/18.0.1025.142 Safari/535.19"
192.168.7.212 - - [21/Sep/2012:01:04:37 +0200] "GET /temps/InsaIF.ico HTTP/1.1" 200 766 "-" "Mozilla/5.0 (X11; Linux x86_64) AppleWebKit/535.19 (KHTML, like Gecko) Ubuntu/11.10 Chromium/18.0.1025.142 Chrome/18.0.1025.142 Safari/535.19"
192.168.8.130 - - [21/Sep/2012:01:04:40 +0200] "GET /temps/3IF1.ics HTTP/1.1" 304 - "-" "iOS/6.0 (10A403) dataaccessd/1.0"
192.168.0.38 - - [21/Sep/2012:01:04:57 +0200] "GET /temps/3IF1.ics HTTP/1.1" 304 - "-" "DataAccess/1.0 (8C148)"
192.168.8.131 - - [21/Sep/2012:01:07:26 +0200] "GET /temps/4IF39.html HTTP/1.1" 200 17085 "-" "Mozilla/5.0 (Windows NT 6.1; WOW64; rv:14.0) Gecko/20100101 Firefox/14.0.1"
192.168.8.131 - - [21/Sep/2012:01:07:26 +0200] "GET /temps/style_emploi_du_temps.css HTTP/1.1" 200 1216 "http://intranet-if.insa-lyon.fr/temps/4IF39.html" "Mozilla/5.0 (Windows NT 6.1; WOW64; rv:14.0) Gecko/20100101 Firefox/14.0.1"
192.168.8.131 - - [21/Sep/2012:01:07:26 +0200] "GET /temps/precedent.gif HTTP/1.1" 200 1906 "http://intranet-if.insa-lyon.fr/temps/4IF39.html" "Mozilla/5.0 (Windows NT 6.1; WOW64; rv:14.0) Gecko/20100101 Firefox/14.0.1"
192.168.8.131 - - [21/Sep/2012:01:07:26 +0200] "GET /temps/choix.gif HTTP/1.1" 200 2836 "http://intranet-if.insa-lyon.fr/temps/4IF39.html" "Mozilla/5.0 (Windows NT 6.1; WOW64; rv:14.0) Gecko/20100101 Firefox/14.0.1"
192.168.8.131 - - [21/Sep/2012:01:07:26 +0200] "GET /temps/suivant.gif HTTP/1.1" 200 1634 "http://intranet-if.insa-lyon.fr/temps/4IF39.html" "Mozilla/5.0 (Windows NT 6.1; WOW64; rv:14.0) Gecko/20100101 Firefox/14.0.1"
192.168.8.131 - - [21/Sep/2012:01:07:26 +0200] "GET /temps/FondInsa.jpg HTTP/1.1" 200 2828 "http://intranet-if.insa-lyon.fr/temps/style_emploi_du_temps.css" "Mozilla/5.0 (Windows NT 6.1; WOW64; rv:14.0) Gecko/20100101 Firefox/14.0.1"
192.168.8.131 - - [21/Sep/2012:01:07:26 +0200] "GET /temps/InsaIF.ico HTTP/1.1" 200 766 "-" "Mozilla/5.0 (Windows NT 6.1; WOW64; rv:14.0) Gecko/20100101 Firefox/14.0.1"
192.168.8.131 - - [21/Sep/2012:01:07:28 +0200] "GET /temps/4IF38.html HTTP/1.1" 200 15555 "http://intranet-if.insa-lyon.fr/temps/4IF39.html" "Mozilla/5.0 (Windows NT 6.1; WOW64; rv:14.0) Gecko/20100101 Firefox/14.0.1"
192.168.8.131 - - [21/Sep/2012:01:07:33 +0200] "GET /temps/3IF38.html HTTP/1.1" 200 21722 "-" "Mozilla/5.0 (Windows NT 6.1; WOW64; rv:14.0) Gecko/20100101 Firefox/14.0.1"
192.168.2.170 - - [21/Sep/2012:01:07:43 +0200] "GET / HTTP/1.1" 200 216 "-" "Mozilla/5.0 (Windows NT 6.1) AppleWebKit/537.1 (KHTML, like Gecko) Chrome/21.0.1180.89 Safari/537.1"
192.168.2.170 - - [21/Sep/2012:01:07:54 +0200] "GET /SiteWebIF/Intranet-etudiant.php HTTP/1.1" 302 477 "http://if.insa-lyon.fr/" "Mozilla/5.0 (Windows NT 6.1) AppleWebKit/537.1 (KHTML, like Gecko) Chrome/21.0.1180.89 Safari/537.1"
192.168.2.170 - - [21/Sep/2012:01:07:54 +0200] "GET /SiteWebIF/Intranet-etudiant.php?ticket=ST-40976-Bv9yAWefnCoKw3LeHJU9-dsi-vm04 HTTP/1.1" 302 - "http://if.insa-lyon.fr/" "Mozilla/5.0 (Windows NT 6.1) AppleWebKit/537.1 (KHTML, like Gecko) Chrome/21.0.1180.89 Safari/537.1"
192.168.2.170 - - [21/Sep/2012:01:07:54 +0200] "GET /SiteWebIF/Intranet-etudiant.php HTTP/1.1" 200 3834 "http://if.insa-lyon.fr/" "Mozilla/5.0 (Windows NT 6.1) AppleWebKit/537.1 (KHTML, like Gecko) Chrome/21.0.1180.89 Safari/537.1"
192.168.2.170 - - [21/Sep/2012:01:07:54 +0200] "GET /stages/style_pfe.css HTTP/1.1" 200 895 "http://intranet-if.insa-lyon.fr/SiteWebIF/Intranet-etudiant.php" "Mozilla/5.0 (Windows NT 6.1) AppleWebKit/537.1 (KHTML, like Gecko) Chrome/21.0.1180.89 Safari/537.1"
192.168.2.170 - - [21/Sep/2012:01:07:54 +0200] "GET /stages/FondInsa.jpg HTTP/1.1" 200 2828 "http://intranet-if.insa-lyon.fr/SiteWebIF/Intranet-etudiant.php" "Mozilla/5.0 (Windows NT 6.1) AppleWebKit/537.1 (KHTML, like Gecko) Chrome/21.0.1180.89 Safari/537.1"
192.168.2.170 - - [21/Sep/2012:01:07:54 +0200] "GET /stages/bandeauFinal.jpg HTTP/1.1" 200 50390 "http://intranet-if.insa-lyon.fr/SiteWebIF/Intranet-etudiant.php" "Mozilla/5.0 (Windows NT 6.1) AppleWebKit/537.1 (KHTML, like Gecko) Chrome/21.0.1180.89 Safari/537.1"
192.168.2.170 - - [21/Sep/2012:01:07:57 +0200] "GET /temps/style_emploi_du_temps.css HTTP/1.1" 200 1216 "http://intranet-if.insa-lyon.fr/temps/" "Mozilla/5.0 (Windows NT 6.1) AppleWebKit/537.1 (KHTML, like Gecko) Chrome/21.0.1180.89 Safari/537.1"
192.168.2.170 - - [21/Sep/2012:01:07:58 +0200] "GET /temps/FondInsa.jpg HTTP/1.1" 200 2828 "http://intranet-if.insa-lyon.fr/temps/" "Mozilla/5.0 (Windows NT 6.1) AppleWebKit/537.1 (KHTML, like Gecko) Chrome/21.0.1180.89 Safari/537.1"
192.168.2.170 - - [21/Sep/2012:01:08:00 +0200] "GET /temps/3IF38.html HTTP/1.1" 200 21722 "http://intranet-if.insa-lyon.fr/temps/" "Mozilla/5.0 (Windows NT 6.1) AppleWebKit/537.1 (KHTML, like Gecko) Chrome/21.0.1180.89 Safari/537.1"
192.168.2.170 - - [21/Sep/2012:01:08:01 +0200] "GET /temps/choix.gif HTTP/1.1" 200 2836 "http://intranet-if.insa-lyon.fr/temps/3IF38.html" "Mozilla/5.0 (Windows NT 6.1) AppleWebKit/537.1 (KHTML, like Gecko) Chrome/21.0.1180.89 Safari/537.1"
192.168.2.170 - - [21/Sep/2012:01:08:01 +0200] "GET /temps/suivant.gif HTTP/1.1" 200 1634 "http://intranet-if.insa-lyon.fr/temps/3IF38.html" "Mozilla/5.0 (Windows NT 6.1) AppleWebKit/537.1 (KHTML, like Gecko) Chrome/21.0.1180.89 Safari/537.1"
192.168.2.170 - - [21/Sep/2012:01:08:01 +0200] "GET /temps/precedent.gif HTTP/1.1" 200 1906 "http://intranet-if.insa-lyon.fr/temps/3IF38.html" "Mozilla/5.0 (Windows NT 6.1) AppleWebKit/537.1 (KHTML, like Gecko) Chrome/21.0.1180.89 Safari/537.1"
192.168.2.170 - - [21/Sep/2012:01:08:38 +0200] "GET /temps/3IF39.html HTTP/1.1" 304 - "http://intranet-if.insa-lyon.fr/temps/3IF38.html" "Mozilla/5.0 (Windows NT 6.1) AppleWebKit/537.1 (KHTML, like Gecko) Chrome/21.0.1180.89 Safari/537.1"
192.168.7.127 - - [21/Sep/2012:01:10:05 +0200] "GET /temps/4IF1.ics HTTP/1.1" 304 - "-" "iOS/5.1.1 (9B208) dataaccessd/1.0"
192.168.8.132 - - [21/Sep/2012:01:12:51 +0200] "GET /temps/3IF1.ics HTTP/1.1" 304 - "-" "iOS/6.0 (10A403) dataaccessd/1.0"
192.168.6.44 - - [21/Sep/2012:01:14:47 +0200] "GET /temps/3IF15.html HTTP/1.1" 304 - "-" "Mozilla/5.0 (Windows NT 6.1; WOW64) AppleWebKit/537.1 (KHTML, like Gecko) Chrome/21.0.1180.89 Safari/537.1"
192.168.6.44 - - [21/Sep/2012:01:14:58 +0200] "GET /temps/4IF38.html HTTP/1.1" 200 15555 "http://intranet-if.insa-lyon.fr/temps/index.html" "Mozilla/5.0 (Windows NT 6.1; WOW64) AppleWebKit/537.1 (KHTML, like Gecko) Chrome/21.0.1180.89 Safari/537.1"
192.168.0.204 - - [21/Sep/2012:01:19:59 +0200] "GET /temps/3IF1.ics HTTP/1.1" 304 - "-" "DataAccess/1.0 (8C148)"
192.168.0.11 - - [21/Sep/2012:01:20:42 +0200] "GET /notesif HTTP/1.1" 301 248 "-" "Tiny Tiny RSS/1.5.11 (http://tt-rss.org/)"
192.168.0.11 - - [21/Sep/2012:01:20:42 +0200] "GET /notesif/ HTTP/1.1" 302 - "-" "Tiny Tiny RSS/1.5.11 (http://tt-rss.org/)"
192.168.0.11 - - [21/Sep/2012:01:20:42 +0200] "GET /cas/themes/insa/media/favicon.ico;jsessionid=03044B507D90E3214D4A7AC932A749D0.dsi-vm03 HTTP/1.1" 404 284 "-" "Tiny Tiny RSS/1.5.11 (http://tt-rss.org/)"
192.168.8.133 - - [21/Sep/2012:01:21:14 +0200] "GET /temps/3IF1.ics HTTP/1.1" 304 - "-" "iOS/6.0 (10A403) dataaccessd/1.0"
192.168.5.10 - - [21/Sep/2012:01:27:39 +0200] "GET /temps/4IF38.html HTTP/1.1" 304 - "-" "Mozilla/5.0 (Windows NT 6.1; rv:15.0) Gecko/20100101 Firefox/15.0.1"
192.168.5.75 - - [21/Sep/2012:01:29:33 +0200] "GET /temps/3IF1.ics HTTP/1.1" 304 - "-" "iOS/6.0 (10A403) dataaccessd/1.0"
192.168.7.208 - - [21/Sep/2012:01:30:52 +0200] "GET /temps/SC.ics HTTP/1.1" 200 14380 "-" "Mozilla/5.0 (compatible; Googlebot/2.1; +http://www.google.com/bot.html)"
192.168.5.142 - - [21/Sep/2012:01:31:21 +0200] "GET /SiteWebIF/Intranet-etudiant.php HTTP/1.1" 200 1815 "http://if.insa-lyon.fr/" "Mozilla/5.0 (X11; Linux x86_64) AppleWebKit/537.1 (KHTML, like Gecko) Chrome/21.0.1180.89 Safari/537.1"
192.168.5.142 - - [21/Sep/2012:01:31:34 +0200] "GET /temps/4IF39.html HTTP/1.1" 200 17085 "http://intranet-if.insa-lyon.fr/temps/4IF38.html" "Mozilla/5.0 (X11; Linux x86_64) AppleWebKit/537.1 (KHTML, like Gecko) Chrome/21.0.1180.89 Safari/537.1"
192.168.5.142 - - [21/Sep/2012:01:31:35 +0200] "GET /temps/4IF40.html HTTP/1.1" 200 19670 "http://intranet-if.insa-lyon.fr/temps/4IF39.html" "Mozilla/5.0 (X11; Linux x86_64) AppleWebKit/537.1 (KHTML, like Gecko) Chrome/21.0.1180.89 Safari/537.1"
192.168.5.142 - - [21/Sep/2012:01:31:36 +0200] "GET /temps/4IF41.html HTTP/1.1" 200 18307 "http://intranet-if.insa-lyon.fr/temps/4IF40.html" "Mozilla/5.0 (X11; Linux x86_64) AppleWebKit/537.1 (KHTML, like Gecko) Chrome/21.0.1180.89 Safari/537.1"
192.168.5.142 - - [21/Sep/2012:01:31:36 +0200] "GET /temps/4IF42.html HTTP/1.1" 200 17784 "http://intranet-if.insa-lyon.fr/temps/4IF41.html" "Mozilla/5.0 (X11; Linux x86_64) AppleWebKit/537.1 (KHTML, like Gecko) Chrome/21.0.1180.89 Safari/537.1"
192.168.5.142 - - [21/Sep/2012:01:31:46 +0200] "GET /temps/4IF45.html HTTP/1.1" 200 18438 "http://intranet-if.insa-lyon.fr/temps/4IF44.html" "Mozilla/5.0 (X11; Linux x86_64) AppleWebKit/537.1 (KHTML, like Gecko) Chrome/21.0.1180.89 Safari/537.1"
192.168.5.142 - - [21/Sep/2012:01:31:48 +0200] "GET /temps/4IF46.html HTTP/1.1" 200 16963 "http://intranet-if.insa-lyon.fr/temps/4IF45.html" "Mozilla/5.0 (X11; Linux x86_64) AppleWebKit/537.1 (KHTML, like Gecko) Chrome/21.0.1180.89 Safari/537.1"
192.168.5.142 - - [21/Sep/2012:01:31:49 +0200] "GET /temps/4IF47.html HTTP/1.1" 200 16663 "http://intranet-if.insa-lyon.fr/temps/4IF46.html" "Mozilla/5.0 (X11; Linux x86_64) AppleWebKit/537.1 (KHTML, like Gecko) Chrome/21.0.1180.89 Safari/537.1"
192.168.5.142 - - [21/Sep/2012:01:31:49 +0200] "GET /temps/4IF48.html HTTP/1.1" 200 17454 "http://intranet-if.insa-lyon.fr/temps/4IF47.html" "Mozilla/5.0 (X11; Linux x86_64) AppleWebKit/537.1 (KHTML, like Gecko) Chrome/21.0.1180.89 Safari/537.1"
192.168.5.142 - - [21/Sep/2012:01:31:50 +0200] "GET /temps/4IF49.html HTTP/1.1" 200 20025 "http://intranet-if.insa-lyon.fr/temps/4IF48.html" "Mozilla/5.0 (X11; Linux x86_64) AppleWebKit/537.1 (KHTML, like Gecko) Chrome/21.0.1180.89 Safari/537.1"
192.168.5.142 - - [21/Sep/2012:01:31:51 +0200] "GET /temps/4IF50.html HTTP/1.1" 200 19951 "http://intranet-if.insa-lyon.fr/temps/4IF49.html" "Mozilla/5.0 (X11; Linux x86_64) AppleWebKit/537.1 (KHTML, like Gecko) Chrome/21.0.1180.89 Safari/537.1"
192.168.5.142 - - [21/Sep/2012:01:31:51 +0200] "GET /temps/4IF51.html HTTP/1.1" 200 17402 "http://intranet-if.insa-lyon.fr/temps/4IF50.html" "Mozilla/5.0 (X11; Linux x86_64) AppleWebKit/537.1 (KHTML, like Gecko) Chrome/21.0.1180.89 Safari/537.1"
192.168.5.142 - - [21/Sep/2012:01:31:53 +0200] "GET /temps/4IF52.html HTTP/1.1" 200 5193 "http://intranet-if.insa-lyon.fr/temps/4IF51.html" "Mozilla/5.0 (X11; Linux x86_64) AppleWebKit/537.1 (KHTML, like Gecko) Chrome/21.0.1180.89 Safari/537.1"
192.168.5.142 - - [21/Sep/2012:01:31:55 +0200] "GET /temps/4IF1.html HTTP/1.1" 200 5211 "http://intranet-if.insa-lyon.fr/temps/4IF52.html" "Mozilla/5.0 (X11; Linux x86_64) AppleWebKit/537.1 (KHTML, like Gecko) Chrome/21.0.1180.89 Safari/537.1"
192.168.5.142 - - [21/Sep/2012:01:31:59 +0200] "GET /temps/4IF2.html HTTP/1.1" 200 19977 "http://intranet-if.insa-lyon.fr/temps/4IF1.html" "Mozilla/5.0 (X11; Linux x86_64) AppleWebKit/537.1 (KHTML, like Gecko) Chrome/21.0.1180.89 Safari/537.1"
192.168.5.142 - - [21/Sep/2012:01:32:01 +0200] "GET /temps/4IF3.html HTTP/1.1" 200 19502 "http://intranet-if.insa-lyon.fr/temps/4IF2.html" "Mozilla/5.0 (X11; Linux x86_64) AppleWebKit/537.1 (KHTML, like Gecko) Chrome/21.0.1180.89 Safari/537.1"
192.168.5.142 - - [21/Sep/2012:01:32:01 +0200] "GET /temps/4IF4.html HTTP/1.1" 200 19366 "http://intranet-if.insa-lyon.fr/temps/4IF3.html" "Mozilla/5.0 (X11; Linux x86_64) AppleWebKit/537.1 (KHTML, like Gecko) Chrome/21.0.1180.89 Safari/537.1"
192.168.5.142 - - [21/Sep/2012:01:32:02 +0200] "GET /temps/4IF5.html HTTP/1.1" 200 19488 "http://intranet-if.insa-lyon.fr/temps/4IF4.html" "Mozilla/5.0 (X11; Linux x86_64) AppleWebKit/537.1 (KHTML, like Gecko) Chrome/21.0.1180.89 Safari/537.1"
192.168.5.142 - - [21/Sep/2012:01:32:03 +0200] "GET /temps/4IF6.html HTTP/1.1" 200 20232 "http://intranet-if.insa-lyon.fr/temps/4IF5.html" "Mozilla/5.0 (X11; Linux x86_64) AppleWebKit/537.1 (KHTML, like Gecko) Chrome/21.0.1180.89 Safari/537.1"
192.168.5.142 - - [21/Sep/2012:01:32:03 +0200] "GET /temps/4IF7.html HTTP/1.1" 200 19213 "http://intranet-if.insa-lyon.fr/temps/4IF6.html" "Mozilla/5.0 (X11; Linux x86_64) AppleWebKit/537.1 (KHTML, like Gecko) Chrome/21.0.1180.89 Safari/537.1"
192.168.5.142 - - [21/Sep/2012:01:32:04 +0200] "GET /temps/4IF8.html HTTP/1.1" 200 17579 "http://intranet-if.insa-lyon.fr/temps/4IF7.html" "Mozilla/5.0 (X11; Linux x86_64) AppleWebKit/537.1 (KHTML, like Gecko) Chrome/21.0.1180.89 Safari/537.1"
192.168.5.142 - - [21/Sep/2012:01:32:04 +0200] "GET /temps/4IF9.html HTTP/1.1" 200 5196 "http://intranet-if.insa-lyon.fr/temps/4IF8.html" "Mozilla/5.0 (X11; Linux x86_64) AppleWebKit/537.1 (KHTML, like Gecko) Chrome/21.0.1180.89 Safari/537.1"
192.168.5.142 - - [21/Sep/2012:01:32:11 +0200] "GET /temps/4IF10.html HTTP/1.1" 200 16840 "http://intranet-if.insa-lyon.fr/temps/4IF9.html" "Mozilla/5.0 (X11; Linux x86_64) AppleWebKit/537.1 (KHTML, like Gecko) Chrome/21.0.1180.89 Safari/537.1"
192.168.5.142 - - [21/Sep/2012:01:32:38 +0200] "GET /temps/4IF11.html HTTP/1.1" 200 18968 "http://intranet-if.insa-lyon.fr/temps/4IF10.html" "Mozilla/5.0 (X11; Linux x86_64) AppleWebKit/537.1 (KHTML, like Gecko) Chrome/21.0.1180.89 Safari/537.1"
192.168.5.142 - - [21/Sep/2012:01:32:38 +0200] "GET /temps/4IF12.html HTTP/1.1" 200 16102 "http://intranet-if.insa-lyon.fr/temps/4IF11.html" "Mozilla/5.0 (X11; Linux x86_64) AppleWebKit/537.1 (KHTML, like Gecko) Chrome/21.0.1180.89 Safari/537.1"
192.168.5.142 - - [21/Sep/2012:01:32:38 +0200] "GET /temps/4IF13.html HTTP/1.1" 200 14137 "http://intranet-if.insa-lyon.fr/temps/4IF12.html" "Mozilla/5.0 (X11; Linux x86_64) AppleWebKit/537.1 (KHTML, like Gecko) Chrome/21.0.1180.89 Safari/537.1"
192.168.5.142 - - [21/Sep/2012:01:32:39 +0200] "GET /temps/4IF14.html HTTP/1.1" 200 16407 "http://intranet-if.insa-lyon.fr/temps/4IF13.html" "Mozilla/5.0 (X11; Linux x86_64) AppleWebKit/537.1 (KHTML, like Gecko) Chrome/21.0.1180.89 Safari/537.1"
192.168.5.142 - - [21/Sep/2012:01:32:39 +0200] "GET /temps/4IF15.html HTTP/1.1" 200 15639 "http://intranet-if.insa-lyon.fr/temps/4IF14.html" "Mozilla/5.0 (X11; Linux x86_64) AppleWebKit/537.1 (KHTML, like Gecko) Chrome/21.0.1180.89 Safari/537.1"
192.168.5.142 - - [21/Sep/2012:01:32:40 +0200] "GET /temps/4IF16.html HTTP/1.1" 200 12106 "http://intranet-if.insa-lyon.fr/temps/4IF15.html" "Mozilla/5.0 (X11; Linux x86_64) AppleWebKit/537.1 (KHTML, like Gecko) Chrome/21.0.1180.89 Safari/537.1"
192.168.5.142 - - [21/Sep/2012:01:32:40 +0200] "GET /temps/4IF17.html HTTP/1.1" 200 5189 "http://intranet-if.insa-lyon.fr/temps/4IF16.html" "Mozilla/5.0 (X11; Linux x86_64) AppleWebKit/537.1 (KHTML, like Gecko) Chrome/21.0.1180.89 Safari/537.1"
192.168.5.142 - - [21/Sep/2012:01:32:40 +0200] "GET /temps/4IF18.html HTTP/1.1" 200 5192 "http://intranet-if.insa-lyon.fr/temps/4IF17.html" "Mozilla/5.0 (X11; Linux x86_64) AppleWebKit/537.1 (KHTML, like Gecko) Chrome/21.0.1180.89 Safari/537.1"
192.168.0.139 - - [21/Sep/2012:01:34:57 +0200] "GET /temps/3IF1.ics HTTP/1.1" 304 - "-" "DataAccess/1.0 (8C148)"
192.168.0.11 - - [21/Sep/2012:01:36:54 +0200] "GET /notesif HTTP/1.1" 301 248 "-" "Tiny Tiny RSS/1.5.11 (http://tt-rss.org/)"
192.168.0.11 - - [21/Sep/2012:01:36:54 +0200] "GET /notesif/ HTTP/1.1" 302 - "-" "Tiny Tiny RSS/1.5.11 (http://tt-rss.org/)"
192.168.0.11 - - [21/Sep/2012:01:36:54 +0200] "GET /cas/themes/insa/media/favicon.ico;jsessionid=BEF77D0D9DCF08EC3AE93C90576196A2.dsi-vm03 HTTP/1.1" 404 284 "-" "Tiny Tiny RSS/1.5.11 (http://tt-rss.org/)"
192.168.3.98 - - [21/Sep/2012:01:37:44 +0200] "GET /notesif/RSS/RSS_3IF.xml HTTP/1.1" 200 95847 "-" "Feedfetcher-Google; (+http://www.google.com/feedfetcher.html; 2 subscribers; feed-id=16425187501328177924)"
192.168.0.137 - - [21/Sep/2012:01:37:53 +0200] "GET /robots.txt HTTP/1.1" 404 208 "-" "-"
192.168.3.0 - - [21/Sep/2012:01:38:02 +0200] "GET /temps/3IF1.ics HTTP/1.1" 304 - "-" "iOS/6.0 (10A403) dataaccessd/1.0"
192.168.1.92 - - [21/Sep/2012:01:39:54 +0200] "GET /temps/4IF4.ics HTTP/1.1" 304 - "-" "DataAccess/1.0 (8J2)"
192.168.2.170 - - [21/Sep/2012:01:41:34 +0200] "GET /temps/3IF39.html HTTP/1.1" 304 - "http://intranet-if.insa-lyon.fr/temps/3IF38.html" "Mozilla/5.0 (Windows NT 6.1) AppleWebKit/537.1 (KHTML, like Gecko) Chrome/21.0.1180.89 Safari/537.1"
192.168.8.122 - - [21/Sep/2012:01:44:03 +0200] "GET /temps/4IF38.html HTTP/1.1" 200 15555 "http://intranet-if.insa-lyon.fr/temps/index.html" "Mozilla/5.0 (Windows NT 6.1; WOW64; rv:15.0) Gecko/20100101 Firefox/15.0.1"
192.168.8.122 - - [21/Sep/2012:01:44:03 +0200] "GET /temps/style_emploi_du_temps.css HTTP/1.1" 200 1216 "http://intranet-if.insa-lyon.fr/temps/4IF38.html" "Mozilla/5.0 (Windows NT 6.1; WOW64; rv:15.0) Gecko/20100101 Firefox/15.0.1"
192.168.8.122 - - [21/Sep/2012:01:44:03 +0200] "GET /temps/precedent.gif HTTP/1.1" 200 1906 "http://intranet-if.insa-lyon.fr/temps/4IF38.html" "Mozilla/5.0 (Windows NT 6.1; WOW64; rv:15.0) Gecko/20100101 Firefox/15.0.1"
192.168.8.122 - - [21/Sep/2012:01:44:03 +0200] "GET /temps/choix.gif HTTP/1.1" 200 2836 "http://intranet-if.insa-lyon.fr/temps/4IF38.html" "Mozilla/5.0 (Windows NT 6.1; WOW64; rv:15.0) Gecko/20100101 Firefox/15.0.1"
192.168.8.122 - - [21/Sep/2012:01:44:03 +0200] "GET /temps/suivant.gif HTTP/1.1" 200 1634 "http://intranet-if.insa-lyon.fr/temps/4IF38.html" "Mozilla/5.0 (Windows NT 6.1; WOW64; rv:15.0) Gecko/20100101 Firefox/15.0.1"
192.168.8.122 - - [21/Sep/2012:01:44:03 +0200] "GET /temps/FondInsa.jpg HTTP/1.1" 200 2828 "http://intranet-if.insa-lyon.fr/temps/style_emploi_du_temps.css" "Mozilla/5.0 (Windows NT 6.1; WOW64; rv:15.0) Gecko/20100101 Firefox/15.0.1"
192.168.2.170 - - [21/Sep/2012:01:44:05 +0200] "GET /temps/3IF39.html HTTP/1.1" 304 - "http://intranet-if.insa-lyon.fr/temps/3IF38.html" "Mozilla/5.0 (Windows NT 6.1) AppleWebKit/537.1 (KHTML, like Gecko) Chrome/21.0.1180.89 Safari/537.1"
192.168.2.170 - - [21/Sep/2012:01:44:17 +0200] "GET /temps/3IF41.html HTTP/1.1" 200 24212 "http://intranet-if.insa-lyon.fr/temps/3IF40.html" "Mozilla/5.0 (Windows NT 6.1) AppleWebKit/537.1 (KHTML, like Gecko) Chrome/21.0.1180.89 Safari/537.1"
192.168.2.170 - - [21/Sep/2012:01:44:53 +0200] "GET /temps/3IF39.html HTTP/1.1" 304 - "http://intranet-if.insa-lyon.fr/temps/3IF40.html" "Mozilla/5.0 (Windows NT 6.1) AppleWebKit/537.1 (KHTML, like Gecko) Chrome/21.0.1180.89 Safari/537.1"
192.168.2.206 - - [21/Sep/2012:01:46:22 +0200] "GET /temps/3IF1.ics HTTP/1.1" 304 - "-" "iOS/6.0 (10A403) dataaccessd/1.0"
192.168.2.170 - - [21/Sep/2012:01:47:26 +0200] "GET /temps/3IF39.html HTTP/1.1" 304 - "http://intranet-if.insa-lyon.fr/temps/3IF38.html" "Mozilla/5.0 (Windows NT 6.1) AppleWebKit/537.1 (KHTML, like Gecko) Chrome/21.0.1180.89 Safari/537.1"
192.168.0.93 - - [21/Sep/2012:01:49:58 +0200] "GET /temps/3IF1.ics HTTP/1.1" 304 - "-" "DataAccess/1.0 (8C148)"
192.168.2.170 - - [21/Sep/2012:01:50:14 +0200] "GET /temps/3IF39.html HTTP/1.1" 304 - "http://intranet-if.insa-lyon.fr/temps/3IF38.html" "Mozilla/5.0 (Windows NT 6.1) AppleWebKit/537.1 (KHTML, like Gecko) Chrome/21.0.1180.89 Safari/537.1"
192.168.0.11 - - [21/Sep/2012:01:53:24 +0200] "GET /notesif HTTP/1.1" 301 248 "-" "Tiny Tiny RSS/1.5.11 (http://tt-rss.org/)"
192.168.0.11 - - [21/Sep/2012:01:53:24 +0200] "GET /notesif/ HTTP/1.1" 302 - "-" "Tiny Tiny RSS/1.5.11 (http://tt-rss.org/)"
192.168.0.11 - - [21/Sep/2012:01:53:24 +0200] "GET /cas/themes/insa/media/favicon.ico;jsessionid=4615C033BDA1409560650BB824587CE6.dsi-vm03 HTTP/1.1" 404 284 "-" "Tiny Tiny RSS/1.5.11 (http://tt-rss.org/)"
192.168.2.170 - - [21/Sep/2012:01:53:36 +0200] "GET /temps/3IF41.html HTTP/1.1" 304 - "http://intranet-if.insa-lyon.fr/temps/3IF40.html" "Mozilla/5.0 (Windows NT 6.1) AppleWebKit/537.1 (KHTML, like Gecko) Chrome/21.0.1180.89 Safari/537.1"
192.168.2.170 - - [21/Sep/2012:01:54:10 +0200] "GET /temps/3IF41.html HTTP/1.1" 304 - "http://intranet-if.insa-lyon.fr/temps/3IF40.html" "Mozilla/5.0 (Windows NT 6.1) AppleWebKit/537.1 (KHTML, like Gecko) Chrome/21.0.1180.89 Safari/537.1"
192.168.2.170 - - [21/Sep/2012:01:54:21 +0200] "GET /temps/3IF39.html HTTP/1.1" 304 - "http://intranet-if.insa-lyon.fr/temps/3IF40.html" "Mozilla/5.0 (Windows NT 6.1) AppleWebKit/537.1 (KHTML, like Gecko) Chrome/21.0.1180.89 Safari/537.1"
192.168.7.78 - - [21/Sep/2012:01:54:44 +0200] "GET /temps/3IF1.ics HTTP/1.1" 304 - "-" "iOS/6.0 (10A403) dataaccessd/1.0"
192.168.2.170 - - [21/Sep/2012:01:55:38 +0200] "GET /temps/3IF39.html HTTP/1.1" 304 - "http://intranet-if.insa-lyon.fr/temps/3IF38.html" "Mozilla/5.0 (Windows NT 6.1) AppleWebKit/537.1 (KHTML, like Gecko) Chrome/21.0.1180.89 Safari/537.1"
192.168.4.35 - - [21/Sep/2012:01:56:11 +0200] "GET /temps/ HTTP/1.1" 200 6835 "-" "Mozilla/5.0 (Windows NT 6.0; rv:15.0) Gecko/20100101 Firefox/15.0.1"
192.168.4.35 - - [21/Sep/2012:01:56:12 +0200] "GET /temps/style_emploi_du_temps.css HTTP/1.1" 200 1216 "http://intranet-if.insa-lyon.fr/temps/" "Mozilla/5.0 (Windows NT 6.0; rv:15.0) Gecko/20100101 Firefox/15.0.1"
192.168.4.35 - - [21/Sep/2012:01:56:13 +0200] "GET /temps/FondInsa.jpg HTTP/1.1" 200 2828 "http://intranet-if.insa-lyon.fr/temps/style_emploi_du_temps.css" "Mozilla/5.0 (Windows NT 6.0; rv:15.0) Gecko/20100101 Firefox/15.0.1"
192.168.4.35 - - [21/Sep/2012:01:56:15 +0200] "GET /temps/precedent.gif HTTP/1.1" 200 1906 "http://intranet-if.insa-lyon.fr/temps/3IF38.html" "Mozilla/5.0 (Windows NT 6.0; rv:15.0) Gecko/20100101 Firefox/15.0.1"
192.168.4.35 - - [21/Sep/2012:01:56:15 +0200] "GET /temps/3IF38.html HTTP/1.1" 200 21722 "http://intranet-if.insa-lyon.fr/temps/" "Mozilla/5.0 (Windows NT 6.0; rv:15.0) Gecko/20100101 Firefox/15.0.1"
192.168.4.35 - - [21/Sep/2012:01:56:15 +0200] "GET /temps/choix.gif HTTP/1.1" 200 2836 "http://intranet-if.insa-lyon.fr/temps/3IF38.html" "Mozilla/5.0 (Windows NT 6.0; rv:15.0) Gecko/20100101 Firefox/15.0.1"
192.168.4.35 - - [21/Sep/2012:01:56:15 +0200] "GET /temps/suivant.gif HTTP/1.1" 200 1634 "http://intranet-if.insa-lyon.fr/temps/3IF38.html" "Mozilla/5.0 (Windows NT 6.0; rv:15.0) Gecko/20100101 Firefox/15.0.1"
192.168.0.37 - - [21/Sep/2012:01:56:19 +0200] "POST /SiteWebIF/Intranet-etudiant.php HTTP/1.1" 302 477 "-" "Java/1.6.0_35"
192.168.4.35 - - [21/Sep/2012:01:56:21 +0200] "GET /temps/4IF38.html HTTP/1.1" 200 15555 "http://intranet-if.insa-lyon.fr/temps/" "Mozilla/5.0 (Windows NT 6.0; rv:15.0) Gecko/20100101 Firefox/15.0.1"
192.168.4.35 - - [21/Sep/2012:01:56:24 +0200] "GET /temps/4IF39.html HTTP/1.1" 200 17085 "http://intranet-if.insa-lyon.fr/temps/4IF38.html" "Mozilla/5.0 (Windows NT 6.0; rv:15.0) Gecko/20100101 Firefox/15.0.1"
192.168.0.10 - - [21/Sep/2012:01:56:46 +0200] "GET /notesif/RSS/RSS_4IF.xml HTTP/1.1" 200 57760 "http://intranet-if.insa-lyon.fr/notesif/RSS/RSS_4IF.xml" "Blogtrottr/2.0"
192.168.6.78 - - [21/Sep/2012:01:56:53 +0200] "GET /SiteWebIF/Intranet-etudiant.php HTTP/1.1" 302 477 "-" "Mozilla/5.0 (Linux; U; Android 2.3.5; fr-fr; HTC Desire HD 3.13.163.3 Build/GRJ90) AppleWebKit/533.1 (KHTML, like Gecko) Version/4.0 Mobile Safari/533.1"
192.168.6.78 - - [21/Sep/2012:01:57:08 +0200] "GET /SiteWebIF/Intranet-etudiant.php?ticket=ST-41037-LohotPekCK2jyiMjdz1x-dsi-vm04 HTTP/1.1" 302 - "-" "Mozilla/5.0 (Linux; U; Android 2.3.5; fr-fr; HTC Desire HD 3.13.163.3 Build/GRJ90) AppleWebKit/533.1 (KHTML, like Gecko) Version/4.0 Mobile Safari/533.1"
192.168.6.78 - - [21/Sep/2012:01:57:08 +0200] "GET /SiteWebIF/Intranet-etudiant.php HTTP/1.1" 200 3796 "-" "Mozilla/5.0 (Linux; U; Android 2.3.5; fr-fr; HTC Desire HD 3.13.163.3 Build/GRJ90) AppleWebKit/533.1 (KHTML, like Gecko) Version/4.0 Mobile Safari/533.1"
192.168.6.78 - - [21/Sep/2012:01:57:08 +0200] "GET /stages/style_pfe.css HTTP/1.1" 200 895 "http://intranet-if.insa-lyon.fr/SiteWebIF/Intranet-etudiant.php" "Mozilla/5.0 (Linux; U; Android 2.3.5; fr-fr; HTC Desire HD 3.13.163.3 Build/GRJ90) AppleWebKit/533.1 (KHTML, like Gecko) Version/4.0 Mobile Safari/533.1"
192.168.6.78 - - [21/Sep/2012:01:57:08 +0200] "GET /stages/bandeauFinal.jpg HTTP/1.1" 200 50390 "http://intranet-if.insa-lyon.fr/SiteWebIF/Intranet-etudiant.php" "Mozilla/5.0 (Linux; U; Android 2.3.5; fr-fr; HTC Desire HD 3.13.163.3 Build/GRJ90) AppleWebKit/533.1 (KHTML, like Gecko) Version/4.0 Mobile Safari/533.1"
192.168.6.78 - - [21/Sep/2012:01:57:08 +0200] "GET /stages/FondInsa.jpg HTTP/1.1" 200 2828 "http://intranet-if.insa-lyon.fr/SiteWebIF/Intranet-etudiant.php" "Mozilla/5.0 (Linux; U; Android 2.3.5; fr-fr; HTC Desire HD 3.13.163.3 Build/GRJ90) AppleWebKit/533.1 (KHTML, like Gecko) Version/4.0 Mobile Safari/533.1"
192.168.6.78 - - [21/Sep/2012:01:57:08 +0200] "GET /stages/InsaIF.ico HTTP/1.1" 200 766 "http://intranet-if.insa-lyon.fr/SiteWebIF/Intranet-etudiant.php" "Mozilla/5.0 (Linux; U; Android 2.3.5; fr-fr; HTC Desire HD 3.13.163.3 Build/GRJ90) AppleWebKit/533.1 (KHTML, like Gecko) Version/4.0 Mobile Safari/533.1"
192.168.6.78 - - [21/Sep/2012:01:57:15 +0200] "GET /temps/ HTTP/1.1" 200 6835 "http://intranet-if.insa-lyon.fr/SiteWebIF/Intranet-etudiant.php" "Mozilla/5.0 (Linux; U; Android 2.3.5; fr-fr; HTC Desire HD 3.13.163.3 Build/GRJ90) AppleWebKit/533.1 (KHTML, like Gecko) Version/4.0 Mobile Safari/533.1"
192.168.6.78 - - [21/Sep/2012:01:57:15 +0200] "GET /temps/style_emploi_du_temps.css HTTP/1.1" 200 1216 "http://intranet-if.insa-lyon.fr/temps/" "Mozilla/5.0 (Linux; U; Android 2.3.5; fr-fr; HTC Desire HD 3.13.163.3 Build/GRJ90) AppleWebKit/533.1 (KHTML, like Gecko) Version/4.0 Mobile Safari/533.1"
192.168.6.78 - - [21/Sep/2012:01:57:15 +0200] "GET /temps/FondInsa.jpg HTTP/1.1" 200 2828 "http://intranet-if.insa-lyon.fr/temps/" "Mozilla/5.0 (Linux; U; Android 2.3.5; fr-fr; HTC Desire HD 3.13.163.3 Build/GRJ90) AppleWebKit/533.1 (KHTML, like Gecko) Version/4.0 Mobile Safari/533.1"
192.168.6.78 - - [21/Sep/2012:01:57:15 +0200] "GET /temps/InsaIF.ico HTTP/1.1" 200 766 "http://intranet-if.insa-lyon.fr/temps/" "Mozilla/5.0 (Linux; U; Android 2.3.5; fr-fr; HTC Desire HD 3.13.163.3 Build/GRJ90) AppleWebKit/533.1 (KHTML, like Gecko) Version/4.0 Mobile Safari/533.1"
192.168.6.78 - - [21/Sep/2012:01:57:28 +0200] "GET /temps/4IF38.html HTTP/1.1" 200 15555 "http://intranet-if.insa-lyon.fr/temps/" "Mozilla/5.0 (Linux; U; Android 2.3.5; fr-fr; HTC Desire HD 3.13.163.3 Build/GRJ90) AppleWebKit/533.1 (KHTML, like Gecko) Version/4.0 Mobile Safari/533.1"
192.168.6.78 - - [21/Sep/2012:01:57:29 +0200] "GET /temps/precedent.gif HTTP/1.1" 200 1906 "http://intranet-if.insa-lyon.fr/temps/4IF38.html" "Mozilla/5.0 (Linux; U; Android 2.3.5; fr-fr; HTC Desire HD 3.13.163.3 Build/GRJ90) AppleWebKit/533.1 (KHTML, like Gecko) Version/4.0 Mobile Safari/533.1"
192.168.6.78 - - [21/Sep/2012:01:57:29 +0200] "GET /temps/choix.gif HTTP/1.1" 200 2836 "http://intranet-if.insa-lyon.fr/temps/4IF38.html" "Mozilla/5.0 (Linux; U; Android 2.3.5; fr-fr; HTC Desire HD 3.13.163.3 Build/GRJ90) AppleWebKit/533.1 (KHTML, like Gecko) Version/4.0 Mobile Safari/533.1"
192.168.6.78 - - [21/Sep/2012:01:57:29 +0200] "GET /temps/suivant.gif HTTP/1.1" 200 1634 "http://intranet-if.insa-lyon.fr/temps/4IF38.html" "Mozilla/5.0 (Linux; U; Android 2.3.5; fr-fr; HTC Desire HD 3.13.163.3 Build/GRJ90) AppleWebKit/533.1 (KHTML, like Gecko) Version/4.0 Mobile Safari/533.1"
192.168.0.88 - - [21/Sep/2012:01:59:41 +0200] "GET /temps/ML.ics HTTP/1.1" 304 - "-" "Mozilla/4.0 (compatible; MSIE 6.0; Windows NT 5.1; SV1; .NET CLR 1.1.4322) Zimbra/2.0"
192.168.0.144 - - [21/Sep/2012:02:00:42 +0200] "GET /temps/ML.ics HTTP/1.0" 200 11865 "-" "Mozilla/4.0 (compatible; MSIE 6.0; Windows NT 5.1; SV1; .NET CLR 1.1.4322) Zimbra/2.0"
192.168.0.11 - - [10/Sep/2012:02:51:55 +0200] "GET /notesif/ HTTP/1.1" 302 - "-" "Tiny Tiny RSS/1.5.11 (http://tt-rss.org/)"
192.168.0.11 - - [10/Sep/2012:02:51:55 +0200] "GET /cas/themes/insa/media/favicon.ico;jsessionid=4B9AE6D0E80B0F7F5FD5819D80CBC84F.dsi-vm04 HTTP/1.1" 404 284 "-" "Tiny Tiny RSS/1.5.11 (http://tt-rss.org/)"
192.168.1.60 - - [10/Sep/2012:03:02:06 +0200] "GET /temps/ HTTP/1.1" 200 6835 "http://www.google.com/search?client=ms-rim&hl=fr&q=emploi%20du%20temps%20insa&ie=UTF-8&oe=UTF-8&channel=browser" "Mozilla/5.0 (BlackBerry; U; BlackBerry 9300; fr) AppleWebKit/534.8+ (KHTML, like Gecko) Version/6.0.0.668 Mobile Safari/534.8+"
192.168.1.61 - - [10/Sep/2012:03:02:06 +0200] "GET /temps/style_emploi_du_temps.css HTTP/1.1" 200 1216 "http://intranet-if.insa-lyon.fr/temps/" "Mozilla/5.0 (BlackBerry; U; BlackBerry 9300; fr) AppleWebKit/534.8+ (KHTML, like Gecko) Version/6.0.0.668 Mobile Safari/534.8+"
192.168.1.60 - - [10/Sep/2012:03:02:06 +0200] "GET /temps/FondInsa.jpg HTTP/1.1" 200 2828 "http://intranet-if.insa-lyon.fr/temps/" "Mozilla/5.0 (BlackBerry; U; BlackBerry 9300; fr) AppleWebKit/534.8+ (KHTML, like Gecko) Version/6.0.0.668 Mobile Safari/534.8+"
192.168.1.60 - - [10/Sep/2012:03:02:07 +0200] "GET /temps/InsaIF.ico HTTP/1.1" 200 766 "-" "Mozilla/5.0 (BlackBerry; U; BlackBerry 9300; fr) AppleWebKit/534.8+ (KHTML, like Gecko) Version/6.0.0.668 Mobile Safari/534.8+"
192.168.0.139 - - [10/Sep/2012:03:03:41 +0200] "GET /temps/3IF1.ics HTTP/1.1" 304 - "-" "DataAccess/1.0 (8C148)"
192.168.0.11 - - [10/Sep/2012:03:09:09 +0200] "GET /notesif HTTP/1.1" 301 248 "-" "Tiny Tiny RSS/1.5.11 (http://tt-rss.org/)"
192.168.0.11 - - [10/Sep/2012:03:09:09 +0200] "GET /notesif/ HTTP/1.1" 302 - "-" "Tiny Tiny RSS/1.5.11 (http://tt-rss.org/)"
192.168.0.11 - - [10/Sep/2012:03:09:10 +0200] "GET /cas/themes/insa/media/favicon.ico;jsessionid=3AAF3A2A3461B3EC705AB9600F61ECB6.dsi-vm03 HTTP/1.1" 404 284 "-" "Tiny Tiny RSS/1.5.11 (http://tt-rss.org/)"
192.168.0.45 - - [10/Sep/2012:03:18:46 +0200] "GET /temps/3IF1.ics HTTP/1.1" 304 - "-" "DataAccess/1.0 (8C148)"
192.168.0.32 - - [10/Sep/2012:03:23:34 +0200] "GET /temps/4IF1.ics HTTP/1.1" 200 78480 "-" "Mozilla/4.0 (compatible; MSIE 7.0; Windows NT 6.0)"
192.168.0.11 - - [10/Sep/2012:03:24:37 +0200] "GET /notesif HTTP/1.1" 301 248 "-" "Tiny Tiny RSS/1.5.11 (http://tt-rss.org/)"
192.168.0.11 - - [10/Sep/2012:03:24:37 +0200] "GET /notesif/ HTTP/1.1" 302 - "-" "Tiny Tiny RSS/1.5.11 (http://tt-rss.org/)"
192.168.0.11 - - [10/Sep/2012:03:24:38 +0200] "GET /cas/themes/insa/media/favicon.ico;jsessionid=D7E96B8454A16E374FF6B570DB3F6137.dsi-vm03 HTTP/1.1" 404 284 "-" "Tiny Tiny RSS/1.5.11 (http://tt-rss.org/)"
192.168.0.65 - - [10/Sep/2012:03:28:04 +0200] "GET /temps/4IF4.ics HTTP/1.1" 200 78500 "-" "DataAccess/1.0 (8J2)"
192.168.0.43 - - [10/Sep/2012:03:33:54 +0200] "GET /temps/3IF1.ics HTTP/1.1" 304 - "-" "DataAccess/1.0 (8C148)"
192.168.0.59 - - [10/Sep/2012:03:34:23 +0200] "GET /notesif/RSS/RSS_4IF.xml HTTP/1.1" 200 57760 "http://intranet-if.insa-lyon.fr/notesif/RSS/RSS_4IF.xml" "Blogtrottr/2.0"
192.168.0.7 - - [10/Sep/2012:03:35:44 +0200] "GET /temps/3IF3.ics HTTP/1.1" 200 121305 "-" "Mozilla/5.0 (compatible; Googlebot/2.1; +http://www.google.com/bot.html)"
192.168.0.12 - - [10/Sep/2012:03:36:48 +0200] "GET /notesif/RSS/RSS_3IF.xml HTTP/1.1" 200 95847 "-" "Feedfetcher-Google; (+http://www.google.com/feedfetcher.html; 2 subscribers; feed-id=16425187501328177924)"
192.168.0.11 - - [10/Sep/2012:03:41:27 +0200] "GET /notesif HTTP/1.1" 301 248 "-" "Tiny Tiny RSS/1.5.11 (http://tt-rss.org/)"
192.168.0.11 - - [10/Sep/2012:03:41:27 +0200] "GET /notesif/ HTTP/1.1" 302 - "-" "Tiny Tiny RSS/1.5.11 (http://tt-rss.org/)"
192.168.0.11 - - [10/Sep/2012:03:41:28 +0200] "GET /cas/themes/insa/media/favicon.ico;jsessionid=3A78D498668C15B5230315CCBB6B463D.dsi-vm04 HTTP/1.1" 404 284 "-" "Tiny Tiny RSS/1.5.11 (http://tt-rss.org/)"
192.168.0.7 - - [10/Sep/2012:03:48:31 +0200] "GET /temps/index.html HTTP/1.1" 304 - "-" "Mozilla/5.0 (compatible; Googlebot/2.1; +http://www.google.com/bot.html)"
192.168.0.43 - - [10/Sep/2012:03:49:07 +0200] "GET /temps/3IF1.ics HTTP/1.1" 304 - "-" "DataAccess/1.0 (8C148)"
192.168.0.7 - - [10/Sep/2012:03:49:43 +0200] "GET /temps/MK.ics HTTP/1.1" 200 11362 "-" "Mozilla/5.0 (compatible; Googlebot/2.1; +http://www.google.com/bot.html)"
192.168.0.11 - - [10/Sep/2012:03:57:34 +0200] "GET /notesif HTTP/1.1" 301 248 "-" "Tiny Tiny RSS/1.5.11 (http://tt-rss.org/)"
192.168.0.11 - - [10/Sep/2012:03:57:34 +0200] "GET /notesif/ HTTP/1.1" 302 - "-" "Tiny Tiny RSS/1.5.11 (http://tt-rss.org/)"
192.168.0.11 - - [10/Sep/2012:03:57:35 +0200] "GET /cas/themes/insa/media/favicon.ico;jsessionid=038158AA040051D37F60DECC208F2315.dsi-vm03 HTTP/1.1" 404 284 "-" "Tiny Tiny RSS/1.5.11 (http://tt-rss.org/)"
192.168.0.35 - - [10/Sep/2012:04:02:49 +0200] "GET /temps/4IF1.ics HTTP/1.1" 200 78480 "-" "-"
192.168.0.99 - - [10/Sep/2012:04:04:12 +0200] "GET /temps/3IF1.ics HTTP/1.1" 304 - "-" "DataAccess/1.0 (8C148)"
192.168.0.144 - - [10/Sep/2012:04:13:45 +0200] "GET /temps/ML.ics HTTP/1.0" 200 11865 "-" "Mozilla/4.0 (compatible; MSIE 6.0; Windows NT 5.1; SV1; .NET CLR 1.1.4322) Zimbra/2.0"
192.168.0.11 - - [10/Sep/2012:04:15:39 +0200] "GET /notesif HTTP/1.1" 301 248 "-" "Tiny Tiny RSS/1.5.11 (http://tt-rss.org/)"
192.168.0.11 - - [10/Sep/2012:04:15:39 +0200] "GET /notesif/ HTTP/1.1" 302 - "-" "Tiny Tiny RSS/1.5.11 (http://tt-rss.org/)"
192.168.0.11 - - [10/Sep/2012:04:15:40 +0200] "GET /cas/themes/insa/media/favicon.ico;jsessionid=1FADDC677DC4466378F8184F988F0725.dsi-vm04 HTTP/1.1" 404 284 "-" "Tiny Tiny RSS/1.5.11 (http://tt-rss.org/)"
192.168.0.155 - - [10/Sep/2012:04:19:18 +0200] "GET /temps/3IF1.ics HTTP/1.1" 304 - "-" "DataAccess/1.0 (8C148)"
192.168.0.7 - - [10/Sep/2012:04:21:15 +0200] "GET /temps/4IF1.ics HTTP/1.1" 200 78480 "-" "Mozilla/5.0 (compatible; Googlebot/2.1; +http://www.google.com/bot.html)"
192.168.0.65 - - [10/Sep/2012:04:23:15 +0200] "GET /temps/4IF4.ics HTTP/1.1" 200 78500 "-" "DataAccess/1.0 (8J2)"
192.168.0.7 - - [10/Sep/2012:04:28:47 +0200] "GET /temps/choix_3if.html HTTP/1.1" 200 5441 "-" "Mozilla/5.0 (compatible; Googlebot/2.1; +http://www.google.com/bot.html)"
192.168.0.12 - - [10/Sep/2012:04:31:18 +0200] "GET /notesif/RSS/RSS_3IF.xml HTTP/1.1" 200 95847 "-" "Feedfetcher-Google; (+http://www.google.com/feedfetcher.html; 2 subscribers; feed-id=16425187501328177924)"
192.168.0.11 - - [10/Sep/2012:04:32:10 +0200] "GET /notesif HTTP/1.1" 301 248 "-" "Tiny Tiny RSS/1.5.11 (http://tt-rss.org/)"
192.168.0.11 - - [10/Sep/2012:04:32:10 +0200] "GET /notesif/ HTTP/1.1" 302 - "-" "Tiny Tiny RSS/1.5.11 (http://tt-rss.org/)"
192.168.0.11 - - [10/Sep/2012:04:32:11 +0200] "GET /cas/themes/insa/media/favicon.ico;jsessionid=0AECD36A94003BEBA03544A018F73182.dsi-vm04 HTTP/1.1" 404 284 "-" "Tiny Tiny RSS/1.5.11 (http://tt-rss.org/)"
192.168.0.55 - - [10/Sep/2012:04:34:25 +0200] "GET /temps/3IF1.ics HTTP/1.1" 304 - "-" "DataAccess/1.0 (8C148)"
192.168.0.101 - - [10/Sep/2012:04:34:44 +0200] "GET /notesif/RSS/RSS_4IF.xml HTTP/1.1" 200 57760 "http://intranet-if.insa-lyon.fr/notesif/RSS/RSS_4IF.xml" "Blogtrottr/2.0"
192.168.0.7 - - [10/Sep/2012:04:45:23 +0200] "GET /temps/SB.ics HTTP/1.1" 200 17396 "-" "Mozilla/5.0 (compatible; Googlebot/2.1; +http://www.google.com/bot.html)"
192.168.0.155 - - [10/Sep/2012:04:49:32 +0200] "GET /temps/3IF1.ics HTTP/1.1" 304 - "-" "DataAccess/1.0 (8C148)"
192.168.0.11 - - [10/Sep/2012:04:50:41 +0200] "GET /notesif HTTP/1.1" 301 248 "-" "Tiny Tiny RSS/1.5.11 (http://tt-rss.org/)"
192.168.0.11 - - [10/Sep/2012:04:50:42 +0200] "GET /notesif/ HTTP/1.1" 302 - "-" "Tiny Tiny RSS/1.5.11 (http://tt-rss.org/)"
192.168.0.11 - - [10/Sep/2012:04:50:42 +0200] "GET /cas/themes/insa/media/favicon.ico;jsessionid=51710F6C285C8F49239B5EF1BA306EA5.dsi-vm03 HTTP/1.1" 404 284 "-" "Tiny Tiny RSS/1.5.11 (http://tt-rss.org/)"
192.168.0.137 - - [10/Sep/2012:04:50:56 +0200] "GET /robots.txt HTTP/1.1" 404 208 "-" "-"
192.168.0.41 - - [10/Sep/2012:05:01:39 +0200] "GET /temps/GL.ics HTTP/1.1" 304 - "-" "Mozilla/4.0 (compatible; MSIE 6.0; Windows NT 5.1; SV1; .NET CLR 1.1.4322) Zimbra/2.0"
192.168.0.144 - - [10/Sep/2012:05:03:26 +0200] "GET /temps/ML.ics HTTP/1.0" 200 11865 "-" "Mozilla/4.0 (compatible; MSIE 6.0; Windows NT 5.1; SV1; .NET CLR 1.1.4322) Zimbra/2.0"
192.168.0.204 - - [10/Sep/2012:05:04:38 +0200] "GET /temps/3IF1.ics HTTP/1.1" 304 - "-" "DataAccess/1.0 (8C148)"
192.168.0.11 - - [10/Sep/2012:05:06:49 +0200] "GET /notesif HTTP/1.1" 301 248 "-" "Tiny Tiny RSS/1.5.11 (http://tt-rss.org/)"
192.168.0.11 - - [10/Sep/2012:05:06:49 +0200] "GET /notesif/ HTTP/1.1" 302 - "-" "Tiny Tiny RSS/1.5.11 (http://tt-rss.org/)"
192.168.0.11 - - [10/Sep/2012:05:06:50 +0200] "GET /cas/themes/insa/media/favicon.ico;jsessionid=AC947C926A0499BC67B0849A3E9D44FF.dsi-vm03 HTTP/1.1" 404 284 "-" "Tiny Tiny RSS/1.5.11 (http://tt-rss.org/)"
192.168.0.65 - - [10/Sep/2012:05:17:23 +0200] "GET /temps/4IF4.ics HTTP/1.1" 200 78500 "-" "DataAccess/1.0 (8J2)"
192.168.0.139 - - [10/Sep/2012:05:19:45 +0200] "GET /temps/3IF1.ics HTTP/1.1" 304 - "-" "DataAccess/1.0 (8C148)"
192.168.0.11 - - [10/Sep/2012:05:23:42 +0200] "GET /notesif HTTP/1.1" 301 248 "-" "Tiny Tiny RSS/1.5.11 (http://tt-rss.org/)"
192.168.0.11 - - [10/Sep/2012:05:23:42 +0200] "GET /notesif/ HTTP/1.1" 302 - "-" "Tiny Tiny RSS/1.5.11 (http://tt-rss.org/)"
192.168.0.11 - - [10/Sep/2012:05:23:42 +0200] "GET /cas/themes/insa/media/favicon.ico;jsessionid=F96FEB7C445A63232D262E6DA6183F23.dsi-vm04 HTTP/1.1" 404 284 "-" "Tiny Tiny RSS/1.5.11 (http://tt-rss.org/)"
192.168.0.7 - - [10/Sep/2012:05:27:14 +0200] "GET /robots.txt HTTP/1.1" 404 208 "-" "Mozilla/5.0 (compatible; Googlebot/2.1; +http://www.google.com/bot.html)"
192.168.0.7 - - [10/Sep/2012:05:27:15 +0200] "GET /temps/3IF2.ics HTTP/1.1" 200 121750 "-" "Mozilla/5.0 (compatible; Googlebot/2.1; +http://www.google.com/bot.html)"
192.168.0.12 - - [10/Sep/2012:05:30:58 +0200] "GET /notesif/RSS/RSS_3IF.xml HTTP/1.1" 200 95847 "-" "Feedfetcher-Google; (+http://www.google.com/feedfetcher.html; 2 subscribers; feed-id=16425187501328177924)"
192.168.0.12 - - [10/Sep/2012:05:33:35 +0200] "GET /notesif/RSS/RSS_4IF.xml HTTP/1.1" 200 57760 "-" "Feedfetcher-Google; (+http://www.google.com/feedfetcher.html; 1 subscribers; feed-id=16457623470660127987)"
192.168.0.93 - - [10/Sep/2012:05:34:51 +0200] "GET /temps/3IF1.ics HTTP/1.1" 304 - "-" "DataAccess/1.0 (8C148)"
192.168.0.10 - - [10/Sep/2012:05:36:07 +0200] "GET /notesif/RSS/RSS_4IF.xml HTTP/1.1" 200 57760 "http://intranet-if.insa-lyon.fr/notesif/RSS/RSS_4IF.xml" "Blogtrottr/2.0"
192.168.0.7 - - [10/Sep/2012:05:36:20 +0200] "GET /temps/4IF4.ics HTTP/1.1" 200 78500 "-" "Mozilla/5.0 (compatible; Googlebot/2.1; +http://www.google.com/bot.html)"
192.168.0.7 - - [10/Sep/2012:05:38:20 +0200] "GET /temps/WO.ics HTTP/1.1" 200 6435 "-" "Mozilla/5.0 (compatible; Googlebot/2.1; +http://www.google.com/bot.html)"
192.168.0.7 - - [10/Sep/2012:05:39:21 +0200] "GET /temps/GL.ics HTTP/1.1" 200 10700 "-" "Mozilla/5.0 (compatible; Googlebot/2.1; +http://www.google.com/bot.html)"
192.168.0.11 - - [10/Sep/2012:05:40:05 +0200] "GET /notesif HTTP/1.1" 301 248 "-" "Tiny Tiny RSS/1.5.11 (http://tt-rss.org/)"
192.168.0.11 - - [10/Sep/2012:05:40:05 +0200] "GET /notesif/ HTTP/1.1" 302 - "-" "Tiny Tiny RSS/1.5.11 (http://tt-rss.org/)"
192.168.0.11 - - [10/Sep/2012:05:40:05 +0200] "GET /cas/themes/insa/media/favicon.ico;jsessionid=B66048632F9D9B20F7861A120312DD27.dsi-vm03 HTTP/1.1" 404 284 "-" "Tiny Tiny RSS/1.5.11 (http://tt-rss.org/)"
192.168.1.62 - - [10/Sep/2012:05:49:58 +0200] "GET /temps/3IF1.ics HTTP/1.1" 304 - "-" "DataAccess/1.0 (8C148)"
192.168.0.7 - - [10/Sep/2012:05:50:06 +0200] "GET /temps/4IF44.html HTTP/1.1" 200 5207 "-" "Mozilla/5.0 (compatible; Googlebot/2.1; +http://www.google.com/bot.html)"
192.168.0.7 - - [10/Sep/2012:05:53:17 +0200] "GET /temps/5IF.ics HTTP/1.1" 200 137035 "-" "Mozilla/5.0 (compatible; Googlebot/2.1; +http://www.google.com/bot.html)"
192.168.0.7 - - [10/Sep/2012:05:55:16 +0200] "GET /temps/5IF.ic HTTP/1.1" 404 210 "-" "Mozilla/5.0 (compatible; Googlebot/2.1; +http://www.google.com/bot.html)"
192.168.0.11 - - [10/Sep/2012:05:58:46 +0200] "GET /notesif HTTP/1.1" 301 248 "-" "Tiny Tiny RSS/1.5.11 (http://tt-rss.org/)"
192.168.0.11 - - [10/Sep/2012:05:58:46 +0200] "GET /notesif/ HTTP/1.1" 302 - "-" "Tiny Tiny RSS/1.5.11 (http://tt-rss.org/)"
192.168.0.11 - - [10/Sep/2012:05:58:46 +0200] "GET /cas/themes/insa/media/favicon.ico;jsessionid=24B2D02EBCD62FC267124137A3316077.dsi-vm04 HTTP/1.1" 404 284 "-" "Tiny Tiny RSS/1.5.11 (http://tt-rss.org/)"
192.168.0.93 - - [10/Sep/2012:06:05:04 +0200] "GET /temps/3IF1.ics HTTP/1.1" 304 - "-" "DataAccess/1.0 (8C148)"
192.168.0.7 - - [10/Sep/2012:06:06:11 +0200] "GET /temps/3IF1.ics HTTP/1.1" 200 121307 "-" "Mozilla/5.0 (compatible; Googlebot/2.1; +http://www.google.com/bot.html)"
192.168.0.65 - - [10/Sep/2012:06:13:42 +0200] "GET /temps/4IF4.ics HTTP/1.1" 200 78500 "-" "DataAccess/1.0 (8J2)"
192.168.0.11 - - [10/Sep/2012:06:15:11 +0200] "GET /notesif HTTP/1.1" 301 248 "-" "Tiny Tiny RSS/1.5.11 (http://tt-rss.org/)"
192.168.0.11 - - [10/Sep/2012:06:15:11 +0200] "GET /notesif/ HTTP/1.1" 302 - "-" "Tiny Tiny RSS/1.5.11 (http://tt-rss.org/)"
192.168.0.11 - - [10/Sep/2012:06:15:12 +0200] "GET /cas/themes/insa/media/favicon.ico;jsessionid=72BA598A8C2351F69C9C345CE0170C48.dsi-vm04 HTTP/1.1" 404 284 "-" "Tiny Tiny RSS/1.5.11 (http://tt-rss.org/)"
192.168.0.135 - - [10/Sep/2012:06:20:11 +0200] "GET /temps/3IF1.ics HTTP/1.1" 304 - "-" "DataAccess/1.0 (8C148)"
192.168.4.229 - - [28/Sep/2012:12:19:03 +0200] "GET /temps/5IF2.html HTTP/1.1" 200 17313 "http://intranet-if.insa-lyon.fr/temps/5IF1.html" "Mozilla/4.0 (compatible; MSIE 7.0; Windows NT 6.0; Trident/5.0; SLCC1; .NET CLR 2.0.50727; Media Center PC 5.0; .NET CLR 3.5.30729; .NET CLR 3.0.30729; OfficeLiveConnector.1.5; OfficeLivePatch.1.3; .NET4.0C; ShopperReports 3.0.497.0; SRS_IT_E8790570B1765C5436AA97; InfoPath.3; .NET4.0E; 4399Box.1357; 4399Box.1326; 4399Box.1357)"
192.168.1.177 - - [28/Sep/2012:12:19:38 +0200] "GET /temps/PF.ics HTTP/1.1" 200 11812 "-" "iCal/1395.7 CFNetwork/454.12.4 Darwin/10.8.0 (i386) (MacBookAir2%2C1)"
192.168.1.117 - - [28/Sep/2012:13:18:54 +0200] "GET /temps/precedent.gif HTTP/1.1" 200 1906 "http://intranet-if.insa-lyon.fr/temps/4IF39.html" "Mozilla/5.0 (X11; Linux i686) AppleWebKit/535.19 (KHTML, like Gecko) Ubuntu/11.04 Chromium/18.0.1025.151 Chrome/18.0.1025.151 Safari/535.19"
192.168.1.117 - - [28/Sep/2012:13:18:54 +0200] "GET /temps/suivant.gif HTTP/1.1" 200 1634 "http://intranet-if.insa-lyon.fr/temps/4IF39.html" "Mozilla/5.0 (X11; Linux i686) AppleWebKit/535.19 (KHTML, like Gecko) Ubuntu/11.04 Chromium/18.0.1025.151 Chrome/18.0.1025.151 Safari/535.19"
192.168.13.109 - - [28/Sep/2012:13:19:58 +0200] "GET /temps/3IF3.ics HTTP/1.1" 304 - "-" "iOS/6.0 (10A403) dataaccessd/1.0"
192.168.12.107 - - [01/Oct/2012:14:13:26 +0200] "GET /apple-touch-icon-precomposed.png HTTP/1.1" 404 230 "-" "Mozilla/5.0 (Linux; Android 4.0.4; LT26i Build/6.1.A.2.45) AppleWebKit/535.19 (KHTML, like Gecko) Chrome/18.0.1025.166 Mobile Safari/535.19"
192.168.12.107 - - [01/Oct/2012:14:13:26 +0200] "GET /apple-touch-icon.png HTTP/1.1" 404 218 "-" "Mozilla/5.0 (Linux; Android 4.0.4; LT26i Build/6.1.A.2.45) AppleWebKit/535.19 (KHTML, like Gecko) Chrome/18.0.1025.166 Mobile Safari/535.19"
192.168.1.87 - - [01/Oct/2012:14:13:27 +0200] "GET /temps/TA.ics HTTP/1.1" 304 - "-" "Mozilla/5.0 (Windows NT 5.1; rv:12.0) Gecko/20120428 Thunderbird/12.0.1 Lightning/1.4"